// Jest Snapshot v1, https://goo.gl/fbAQLP

exports[`App 初期状態 SuggestBox が表示されない 1`] = `
<DocumentFragment>
  <div />
</DocumentFragment>
`;

exports[`App 初期状態 isLaunchIconSuggestionKey が真になるようなキーを押すと SuggestBox が表示される 1`] = `
<DocumentFragment>
  <div>
    <div
      class="popup-menu"
      data-testid="popup-menu"
      style="top: 0px;"
    >
      <div
        class="button-container"
        data-testid="button-container"
        style="left: 0px; transform: translateX(-NaN%);"
      >
        <div
          class="button selected"
        >
          <span>
            <img
              alt="a"
              src="/api/pages/project/a/icon"
              style="width: 1.3em; height: 1.3em; object-fit: contain;"
              title="a"
            />
             
            <span
              data-testid="suggested-icon-label"
            >
              a
            </span>
          </span>
        </div>
        <div
          class="button"
        >
          <span>
            <img
              alt="b"
              src="/api/pages/project/b/icon"
              style="width: 1.3em; height: 1.3em; object-fit: contain;"
              title="b"
            />
             
            <span
              data-testid="suggested-icon-label"
            >
              b
            </span>
          </span>
        </div>
      </div>
      <div
        class="triangle"
        style="left: 0px;"
      />
    </div>
    <form
      class="form-inline"
    >
      <input
        class="form-control"
        data-testid="search-input"
        default="true"
        style="position: absolute; top: 0px; left: 0px; transform: translateX(-NaN%);"
      />
    </form>
  </div>
</DocumentFragment>
`;
